GAMS 47.4.0  838fd78c Jul 30, 2024          WEX-WEI x86 64bit/MS Windows - 08/09/24 22:21:39 Page 1
G e n e r a l   A l g e b r a i c   M o d e l i n g   S y s t e m
C o m p i l a t i o n


   1  Sets
   2      p /p1*p3/
   3      s /s1*s2/
   4      t /t1*t5/
   5      TVM(t) /t2, t4/;
   6   
   7  Parameters
   8      q_ps(p,s);
   9   
  10  q_ps(p,s) = 1;
  11   
  12  Variables
  13  x_pst(p,s,t)
  14  vQuali_ps(p,s);
  15   
  16  Equations
  17      const_x_pst_smaller_q_ps_plus_v_quali_ps;
  18   
  19  const_x_pst_smaller_q_ps_plus_v_quali_ps(p,s,t) ..
  20      x_pst(p,s,t) =l= q_ps(p,s) + vQuali_ps(p,s)  $ (not (t in TVM));
****                                                              $148,8,409
****   8  ')' expected
**** 148  Dimension different - The symbol is referenced with more/less
****         indices as declared
**** 409  Unrecognizable item - skip to find a new statement
****        looking for a ';' or a key word to get started again

**** 3 ERROR(S)   0 WARNING(S)


COMPILATION TIME     =        0.000 SECONDS      3 MB  47.4.0 838fd78c WEX-WEI


USER: Course License                                 S240418|0002AO-GEN
      Stiftung Universitaet Hildesheim                          DCE3433
      License for teaching and research at degree granting institutions


**** FILE SUMMARY

Input      C:\projects\itStud9Lp2024\gamsWorkSpace\test.gms
Output     C:\projects\itStud9Lp2024\gamsWorkSpace\test.lst

**** USER ERROR(S) ENCOUNTERED
